// Jest Snapshot v1, https://goo.gl/fbAQLP

exports[`Layout renders login if user is not set 1`] = `
Array [
  <header>
    <nav
      className="navbar navbar-expand navbar-light fixed-top"
    >
      <span
        className="mr-auto navbar-brand"
      >
        <a
          exact={true}
          to="/"
        >
          GW Cloud
        </a>
      </span>
      <div
        className="navbar-nav"
        onKeyDown={[Function]}
      >
        <span
          className="justify-content-end navbar-text"
        >
          &lt;mock-value-for-field-"firstName"&gt; &lt;mock-value-for-field-"lastName"&gt;
        </span>
        <a
          className="nav-link"
          data-rb-event-key={null}
          href="#"
          onClick={[Function]}
          onKeyDown={[Function]}
          role="button"
        >
          Logout
        </a>
      </div>
    </nav>
  </header>,
  <main
    style={
      Object {
        "paddingTop": "56px",
      }
    }
  />,
]
`;

exports[`Layout renders login if user is set 1`] = `
Array [
  <header>
    <nav
      className="navbar navbar-expand navbar-light fixed-top"
    >
      <span
        className="mr-auto navbar-brand"
      >
        <a
          exact={true}
          to="/"
        >
          GW Cloud
        </a>
      </span>
      <div
        className="navbar-nav"
        onKeyDown={[Function]}
      >
        <span
          className="justify-content-end navbar-text"
        >
          &lt;mock-value-for-field-"firstName"&gt; &lt;mock-value-for-field-"lastName"&gt;
        </span>
        <a
          className="nav-link"
          data-rb-event-key={null}
          href="#"
          onClick={[Function]}
          onKeyDown={[Function]}
          role="button"
        >
          Logout
        </a>
      </div>
    </nav>
  </header>,
  <main
    style={
      Object {
        "paddingTop": "56px",
      }
    }
  />,
]
`;
