// Jest Snapshot v1, https://goo.gl/fbAQLP

exports[`Layout renders login if user is not set 1`] = `
Array [
  <header>
    <nav
      className="navbar navbar-expand-md navbar-light fixed-top"
    >
      <div
        className="container"
      >
        <span
          className="navbar-brand"
        >
          <a
            className="navbar-brand-link"
            exact={true}
            to="/"
          >
            <img
              src="logo.svg"
            />
          </a>
        </span>
        <h4
          className="text-center d-md-none nav-title"
        >
          Viterbi
        </h4>
        <button
          aria-controls="responsive-navbar-nav"
          aria-label="Toggle navigation"
          className="navbar-toggler collapsed"
          onClick={[Function]}
          type="button"
        >
          <span
            className="navbar-toggler-icon"
          />
        </button>
        <div
          aria-expanded={null}
          className="navbar-collapse collapse"
          id="responsive-navbar-nav"
        >
          <div
            className="mr-auto navbar-nav"
            onKeyDown={[Function]}
          >
            <a
              className="nav-link"
              exact={true}
              to="/viterbi/"
            >
              Experiments
            </a>
            <a
              className="nav-link"
              exact={true}
              to="/viterbi/job-form/"
            >
              New Experiment
            </a>
          </div>
          <div
            className="navbar-nav"
            onKeyDown={[Function]}
          >
            <span
              className="justify-content-end mr-3 nav-username navbar-text"
            >
              &lt;mock-value-for-field-"firstName"&gt; &lt;mock-value-for-field-"lastName"&gt;
            </span>
            <a
              className="nav-link"
              data-rb-event-key={null}
              href="#"
              onClick={[Function]}
              onKeyDown={[Function]}
              role="button"
            >
              Logout
            </a>
          </div>
        </div>
      </div>
    </nav>
  </header>,
  <main
    className="h-100"
    style={
      Object {
        "paddingTop": "86px",
      }
    }
  />,
]
`;

exports[`Layout renders login if user is set 1`] = `
Array [
  <header>
    <nav
      className="navbar navbar-expand-md navbar-light fixed-top"
    >
      <div
        className="container"
      >
        <span
          className="navbar-brand"
        >
          <a
            className="navbar-brand-link"
            exact={true}
            to="/"
          >
            <img
              src="logo.svg"
            />
          </a>
        </span>
        <h4
          className="text-center d-md-none nav-title"
        >
          Viterbi
        </h4>
        <button
          aria-controls="responsive-navbar-nav"
          aria-label="Toggle navigation"
          className="navbar-toggler collapsed"
          onClick={[Function]}
          type="button"
        >
          <span
            className="navbar-toggler-icon"
          />
        </button>
        <div
          aria-expanded={null}
          className="navbar-collapse collapse"
          id="responsive-navbar-nav"
        >
          <div
            className="mr-auto navbar-nav"
            onKeyDown={[Function]}
          >
            <a
              className="nav-link"
              exact={true}
              to="/viterbi/"
            >
              Experiments
            </a>
            <a
              className="nav-link"
              exact={true}
              to="/viterbi/job-form/"
            >
              New Experiment
            </a>
          </div>
          <div
            className="navbar-nav"
            onKeyDown={[Function]}
          >
            <span
              className="justify-content-end mr-3 nav-username navbar-text"
            >
              &lt;mock-value-for-field-"firstName"&gt; &lt;mock-value-for-field-"lastName"&gt;
            </span>
            <a
              className="nav-link"
              data-rb-event-key={null}
              href="#"
              onClick={[Function]}
              onKeyDown={[Function]}
              role="button"
            >
              Logout
            </a>
          </div>
        </div>
      </div>
    </nav>
  </header>,
  <main
    className="h-100"
    style={
      Object {
        "paddingTop": "86px",
      }
    }
  />,
]
`;
